
> chess-trainer@0.0.0 test
> npm run lint && ng test --watch=false --browsers=ChromeHeadless


> chess-trainer@0.0.0 lint
> ng lint


Linting "chess-trainer"...

All files pass linting.

npm : - Generating browser application bundles (phase: setup)...
At line:1 char:1
+ npm test -- --watch=false --browsers=ChromeHeadless 2>&1 | Tee-Object ...
+ ~~~~~~~~~~~~~~~~~~~~~~~~~~~~~~~~~~~~~~~~~~~~~~~~~~~~~~~~
    + CategoryInfo          : NotSpecified: (- Generating br...hase: setup)...:String) [], RemoteException
    + FullyQualifiedErrorId : NativeCommandError
 
[32mÔťö[39m Browser application bundle generation complete.
[32m28 02 2026 16:01:33.398:INFO [karma-server]: [39mKarma v6.4.4 server started at http://localhost:9876/
[32m28 02 2026 16:01:33.399:INFO [launcher]: [39mLaunching browsers ChromeHeadless with concurrency unlimited
[32m28 02 2026 16:01:33.407:INFO [launcher]: [39mStarting browser ChromeHeadless
[32m28 02 2026 16:01:34.793:INFO [Chrome Headless 145.0.0.0 (Windows 10)]: [39mConnected on socket Z65yd2NcVZcRG8epAAAB with id 15617752
Chrome Headless 145.0.0.0 (Windows 10): Executed 0 of 127[32m SUCCESS[39m (0 secs / 0 secs)
[1A[2KChrome Headless 145.0.0.0 (Windows 10): Executed 1 of 127[32m SUCCESS[39m (0 secs / 0.001 secs)
[1A[2KChrome Headless 145.0.0.0 (Windows 10): Executed 2 of 127[32m SUCCESS[39m (0 secs / 0.002 secs)
[1A[2KChrome Headless 145.0.0.0 (Windows 10): Executed 3 of 127[32m SUCCESS[39m (0 secs / 0.002 secs)
[1A[2KChrome Headless 145.0.0.0 (Windows 10): Executed 4 of 127[32m SUCCESS[39m (0 secs / 0.003 secs)
[1A[2KChrome Headless 145.0.0.0 (Windows 10): Executed 5 of 127[32m SUCCESS[39m (0 secs / 0.004 secs)
[1A[2KChrome Headless 145.0.0.0 (Windows 10): Executed 6 of 127[32m SUCCESS[39m (0 secs / 0.004 secs)
[1A[2KChrome Headless 145.0.0.0 (Windows 10): Executed 7 of 127[32m SUCCESS[39m (0 secs / 0.004 secs)
[1A[2KChrome Headless 145.0.0.0 (Windows 10): Executed 8 of 127[32m SUCCESS[39m (0 secs / 0.004 secs)
[1A[2KChrome Headless 145.0.0.0 (Windows 10): Executed 9 of 127[32m SUCCESS[39m (0 secs / 0.005 secs)
[1A[2KChrome Headless 145.0.0.0 (Windows 10): Executed 10 of 127[32m SUCCESS[39m (0 secs / 0.005 secs)
[1A[2KChrome Headless 145.0.0.0 (Windows 10): Executed 11 of 127[32m SUCCESS[39m (0 secs / 0.005 secs)
[1A[2KChrome Headless 145.0.0.0 (Windows 10): Executed 12 of 127[32m SUCCESS[39m (0 secs / 0.006 secs)
[1A[2KChrome Headless 145.0.0.0 (Windows 10): Executed 13 of 127[32m SUCCESS[39m (0 secs / 0.006 secs)
[1A[2KChrome Headless 145.0.0.0 (Windows 10): Executed 14 of 127[32m SUCCESS[39m (0 secs / 0.006 secs)
[1A[2KChrome Headless 145.0.0.0 (Windows 10): Executed 15 of 127[32m SUCCESS[39m (0 secs / 0.006 secs)
[1A[2KChrome Headless 145.0.0.0 (Windows 10): Executed 16 of 127[32m SUCCESS[39m (0 secs / 0.006 secs)
[1A[2KChrome Headless 145.0.0.0 (Windows 10): Executed 17 of 127[32m SUCCESS[39m (0 secs / 0.006 secs)
[1A[2KChrome Headless 145.0.0.0 (Windows 10): Executed 18 of 127[32m SUCCESS[39m (0 secs / 0.006 secs)
[1A[2KChrome Headless 145.0.0.0 (Windows 10): Executed 19 of 127[32m SUCCESS[39m (0 secs / 0.006 secs)
[1A[2KChrome Headless 145.0.0.0 (Windows 10): Executed 20 of 127[32m SUCCESS[39m (0 secs / 0.006 secs)
[1A[2KChrome Headless 145.0.0.0 (Windows 10): Executed 21 of 127[32m SUCCESS[39m (0 secs / 0.006 secs)
[1A[2KChrome Headless 145.0.0.0 (Windows 10): Executed 22 of 127[32m SUCCESS[39m (0 secs / 0.006 secs)
[1A[2KChrome Headless 145.0.0.0 (Windows 10): Executed 23 of 127[32m SUCCESS[39m (0 secs / 0.006 secs)
[1A[2KChrome Headless 145.0.0.0 (Windows 10): Executed 24 of 127[32m SUCCESS[39m (0 secs / 0.006 secs)
[1A[2KChrome Headless 145.0.0.0 (Windows 10): Executed 25 of 127[32m SUCCESS[39m (0 secs / 0.006 secs)
[1A[2KChrome Headless 145.0.0.0 (Windows 10): Executed 26 of 127[32m SUCCESS[39m (0 secs / 0.006 secs)
[1A[2KChrome Headless 145.0.0.0 (Windows 10): Executed 27 of 127[32m SUCCESS[39m (0 secs / 0.007 secs)
[1A[2KChrome Headless 145.0.0.0 (Windows 10): Executed 28 of 127[32m SUCCESS[39m (0 secs / 0.007 secs)
[1A[2KChrome Headless 145.0.0.0 (Windows 10): Executed 29 of 127[32m SUCCESS[39m (0 secs / 0.007 secs)
[1A[2KChrome Headless 145.0.0.0 (Windows 10): Executed 30 of 127[32m SUCCESS[39m (0 secs / 0.007 secs)
[1A[2KChrome Headless 145.0.0.0 (Windows 10): Executed 31 of 127[32m SUCCESS[39m (0 secs / 0.007 secs)
[1A[2KChrome Headless 145.0.0.0 (Windows 10): Executed 32 of 127[32m SUCCESS[39m (0 secs / 0.007 secs)
[1A[2KChrome Headless 145.0.0.0 (Windows 10): Executed 33 of 127[32m SUCCESS[39m (0 secs / 0.007 secs)
[1A[2KChrome Headless 145.0.0.0 (Windows 10): Executed 34 of 127[32m SUCCESS[39m (0 secs / 0.008 secs)
[1A[2KChrome Headless 145.0.0.0 (Windows 10): Executed 35 of 127[32m SUCCESS[39m (0 secs / 0.008 secs)
[1A[2KChrome Headless 145.0.0.0 (Windows 10): Executed 36 of 127[32m SUCCESS[39m (0 secs / 0.009 secs)
[1A[2KChrome Headless 145.0.0.0 (Windows 10): Executed 37 of 127[32m SUCCESS[39m (0 secs / 0.01 secs)
[1A[2KChrome Headless 145.0.0.0 (Windows 10): Executed 38 of 127[32m SUCCESS[39m (0 secs / 0.01 secs)
[1A[2KChrome Headless 145.0.0.0 (Windows 10): Executed 39 of 127[32m SUCCESS[39m (0 secs / 0.01 secs)
[1A[2KChrome Headless 145.0.0.0 (Windows 10): Executed 40 of 127[32m SUCCESS[39m (0 secs / 0.011 secs)
[1A[2KChrome Headless 145.0.0.0 (Windows 10): Executed 41 of 127[32m SUCCESS[39m (0 secs / 0.011 secs)
[1A[2KChrome Headless 145.0.0.0 (Windows 10): Executed 42 of 127[32m SUCCESS[39m (0 secs / 0.017 secs)
[1A[2KChrome Headless 145.0.0.0 (Windows 10): Executed 43 of 127[32m SUCCESS[39m (0 secs / 0.018 secs)
[1A[2KChrome Headless 145.0.0.0 (Windows 10): Executed 44 of 127[32m SUCCESS[39m (0 secs / 0.019 secs)
[1A[2KChrome Headless 145.0.0.0 (Windows 10): Executed 45 of 127[32m SUCCESS[39m (0 secs / 0.019 secs)
[1A[2KChrome Headless 145.0.0.0 (Windows 10): Executed 46 of 127[32m SUCCESS[39m (0 secs / 0.019 secs)
[1A[2KChrome Headless 145.0.0.0 (Windows 10): Executed 47 of 127[32m SUCCESS[39m (0 secs / 0.02 secs)
[1A[2KChrome Headless 145.0.0.0 (Windows 10): Executed 48 of 127[32m SUCCESS[39m (0 secs / 0.02 secs)
[1A[2KChrome Headless 145.0.0.0 (Windows 10): Executed 49 of 127[32m SUCCESS[39m (0 secs / 0.021 secs)
[1A[2KChrome Headless 145.0.0.0 (Windows 10): Executed 50 of 127[32m SUCCESS[39m (0 secs / 0.021 secs)
[1A[2KChrome Headless 145.0.0.0 (Windows 10): Executed 51 of 127[32m SUCCESS[39m (0 secs / 0.021 secs)
[1A[2KChrome Headless 145.0.0.0 (Windows 10): Executed 52 of 127[32m SUCCESS[39m (0 secs / 0.023 secs)
[1A[2KChrome Headless 145.0.0.0 (Windows 10): Executed 53 of 127[32m SUCCESS[39m (0 secs / 0.024 secs)
[1A[2KChrome Headless 145.0.0.0 (Windows 10): Executed 54 of 127[32m SUCCESS[39m (0 secs / 0.024 secs)
[1A[2KChrome Headless 145.0.0.0 (Windows 10): Executed 55 of 127[32m SUCCESS[39m (0 secs / 0.024 secs)
[1A[2KChrome Headless 145.0.0.0 (Windows 10): Executed 56 of 127[32m SUCCESS[39m (0 secs / 0.025 secs)
[1A[2KChrome Headless 145.0.0.0 (Windows 10): Executed 57 of 127[32m SUCCESS[39m (0 secs / 0.025 secs)
[1A[2KChrome Headless 145.0.0.0 (Windows 10): Executed 58 of 127[32m SUCCESS[39m (0 secs / 0.025 secs)
[1A[2KChrome Headless 145.0.0.0 (Windows 10): Executed 59 of 127[32m SUCCESS[39m (0 secs / 0.025 secs)
[1A[2KChrome Headless 145.0.0.0 (Windows 10): Executed 60 of 127[32m SUCCESS[39m (0 secs / 0.026 secs)
[1A[2KChrome Headless 145.0.0.0 (Windows 10): Executed 61 of 127[32m SUCCESS[39m (0 secs / 0.026 secs)
[1A[2KChrome Headless 145.0.0.0 (Windows 10): Executed 62 of 127[32m SUCCESS[39m (0 secs / 0.027 secs)
[1A[2KChrome Headless 145.0.0.0 (Windows 10): Executed 63 of 127[32m SUCCESS[39m (0 secs / 0.027 secs)
[1A[2KChrome Headless 145.0.0.0 (Windows 10): Executed 64 of 127[32m SUCCESS[39m (0 secs / 0.028 secs)
[1A[2KChrome Headless 145.0.0.0 (Windows 10): Executed 65 of 127[32m SUCCESS[39m (0 secs / 0.028 secs)
[1A[2KChrome Headless 145.0.0.0 (Windows 10): Executed 66 of 127[32m SUCCESS[39m (0 secs / 0.028 secs)
[1A[2KChrome Headless 145.0.0.0 (Windows 10): Executed 67 of 127[32m SUCCESS[39m (0 secs / 0.028 secs)
[1A[2KChrome Headless 145.0.0.0 (Windows 10): Executed 68 of 127[32m SUCCESS[39m (0 secs / 0.029 secs)
[1A[2KChrome Headless 145.0.0.0 (Windows 10): Executed 69 of 127[32m SUCCESS[39m (0 secs / 0.029 secs)
[1A[2KChrome Headless 145.0.0.0 (Windows 10): Executed 70 of 127[32m SUCCESS[39m (0 secs / 0.03 secs)
[1A[2KChrome Headless 145.0.0.0 (Windows 10): Executed 71 of 127[32m SUCCESS[39m (0 secs / 0.03 secs)
[1A[2KChrome Headless 145.0.0.0 (Windows 10): Executed 72 of 127[32m SUCCESS[39m (0 secs / 0.03 secs)
[1A[2KChrome Headless 145.0.0.0 (Windows 10): Executed 73 of 127[32m SUCCESS[39m (0 secs / 0.03 secs)
[1A[2K[31mChrome Headless 145.0.0.0 (Windows 10) ChessBoardComponent move sequence integration clears previous overlay when a different tool is selected FAILED[39m
	Expected [  ] to contain 'gold'.
	    at <Jasmine>
	    at UserContext.apply (src/app/components/chess-board/chess-board.component.spec.ts:869:20)
	    at _ZoneDelegate.invoke (node_modules/zone.js/fesm2015/zone.js:398:28)
	    at ProxyZoneSpec.onInvoke (node_modules/zone.js/fesm2015/zone-testing.js:2132:39)
	    at _ZoneDelegate.invoke (node_modules/zone.js/fesm2015/zone.js:397:34)
Chrome Headless 145.0.0.0 (Windows 10): Executed 74 of 127[31m (1 FAILED)[39m (0 secs / 0.031 secs)
Chrome Headless 145.0.0.0 (Windows 10) ChessBoardComponent move sequence integration clears previous overlay when a different tool is selected FAILED
	Expected [  ] to contain 'gold'.
	    at <Jasmine>
	    at UserContext.apply (src/app/components/chess-board/chess-board.component.spec.ts:869:20)
	    at _ZoneDelegate.invoke (node_modules/zone.js/fesm2015/zone.js:398:28)
	    at ProxyZoneSpec.onInvoke (node_modules/zone.js/fesm2015/zone-testing.js:2132:39)
	    at _ZoneDelegate.invoke (node_modules/zone.js/fesm2015/zone.js:397:34)
[1A[2KChrome Headless 145.0.0.0 (Windows 10): Executed 75 of 127[31m (1 FAILED)[39m (0 secs / 0.031 secs)
[1A[2KChrome Headless 145.0.0.0 (Windows 10): Executed 76 of 127[31m (1 FAILED)[39m (0 secs / 0.032 secs)
[1A[2KChrome Headless 145.0.0.0 (Windows 10): Executed 77 of 127[31m (1 FAILED)[39m (0 secs / 0.032 secs)
[1A[2KChrome Headless 145.0.0.0 (Windows 10): Executed 78 of 127[31m (1 FAILED)[39m (0 secs / 0.032 secs)
[1A[2KChrome Headless 145.0.0.0 (Windows 10): Executed 79 of 127[31m (1 FAILED)[39m (0 secs / 0.032 secs)
[1A[2KChrome Headless 145.0.0.0 (Windows 10): Executed 80 of 127[31m (1 FAILED)[39m (0 secs / 0.032 secs)
[1A[2KChrome Headless 145.0.0.0 (Windows 10): Executed 81 of 127[31m (1 FAILED)[39m (0 secs / 0.032 secs)
[1A[2KChrome Headless 145.0.0.0 (Windows 10): Executed 82 of 127[31m (1 FAILED)[39m (0 secs / 0.033 secs)
[1A[2KChrome Headless 145.0.0.0 (Windows 10): Executed 83 of 127[31m (1 FAILED)[39m (0 secs / 0.033 secs)
[1A[2KChrome Headless 145.0.0.0 (Windows 10): Executed 84 of 127[31m (1 FAILED)[39m (0 secs / 0.033 secs)
[1A[2KChrome Headless 145.0.0.0 (Windows 10): Executed 85 of 127[31m (1 FAILED)[39m (0 secs / 0.033 secs)
[1A[2KChrome Headless 145.0.0.0 (Windows 10): Executed 86 of 127[31m (1 FAILED)[39m (0 secs / 0.034 secs)
[1A[2KChrome Headless 145.0.0.0 (Windows 10): Executed 87 of 127[31m (1 FAILED)[39m (0 secs / 0.035 secs)
[1A[2KChrome Headless 145.0.0.0 (Windows 10): Executed 88 of 127[31m (1 FAILED)[39m (0 secs / 0.035 secs)
[1A[2KChrome Headless 145.0.0.0 (Windows 10): Executed 89 of 127[31m (1 FAILED)[39m (0 secs / 0.036 secs)
[1A[2KChrome Headless 145.0.0.0 (Windows 10): Executed 90 of 127[31m (1 FAILED)[39m (0 secs / 0.036 secs)
[1A[2KChrome Headless 145.0.0.0 (Windows 10): Executed 91 of 127[31m (1 FAILED)[39m (0 secs / 0.036 secs)
[1A[2KChrome Headless 145.0.0.0 (Windows 10): Executed 92 of 127[31m (1 FAILED)[39m (0 secs / 0.036 secs)
[1A[2KChrome Headless 145.0.0.0 (Windows 10): Executed 93 of 127[31m (1 FAILED)[39m (0 secs / 0.036 secs)
[1A[2KChrome Headless 145.0.0.0 (Windows 10): Executed 94 of 127[31m (1 FAILED)[39m (0 secs / 0.037 secs)
[1A[2KChrome Headless 145.0.0.0 (Windows 10): Executed 95 of 127[31m (1 FAILED)[39m (0 secs / 0.037 secs)
[1A[2KChrome Headless 145.0.0.0 (Windows 10): Executed 96 of 127[31m (1 FAILED)[39m (0 secs / 0.037 secs)
[1A[2KChrome Headless 145.0.0.0 (Windows 10): Executed 97 of 127[31m (1 FAILED)[39m (0 secs / 0.037 secs)
[1A[2KChrome Headless 145.0.0.0 (Windows 10): Executed 98 of 127[31m (1 FAILED)[39m (0 secs / 0.038 secs)
[1A[2KChrome Headless 145.0.0.0 (Windows 10): Executed 99 of 127[31m (1 FAILED)[39m (0 secs / 0.038 secs)
[1A[2KChrome Headless 145.0.0.0 (Windows 10): Executed 100 of 127[31m (1 FAILED)[39m (0 secs / 0.038 secs)
[1A[2KChrome Headless 145.0.0.0 (Windows 10): Executed 101 of 127[31m (1 FAILED)[39m (0 secs / 0.039 secs)
[1A[2KChrome Headless 145.0.0.0 (Windows 10): Executed 102 of 127[31m (1 FAILED)[39m (0 secs / 0.039 secs)
[1A[2KChrome Headless 145.0.0.0 (Windows 10): Executed 103 of 127[31m (1 FAILED)[39m (0 secs / 0.039 secs)
[1A[2KChrome Headless 145.0.0.0 (Windows 10): Executed 104 of 127[31m (1 FAILED)[39m (0 secs / 0.04 secs)
[1A[2KChrome Headless 145.0.0.0 (Windows 10): Executed 105 of 127[31m (1 FAILED)[39m (0 secs / 0.04 secs)
[1A[2KChrome Headless 145.0.0.0 (Windows 10): Executed 106 of 127[31m (1 FAILED)[39m (0 secs / 0.04 secs)
[1A[2KChrome Headless 145.0.0.0 (Windows 10): Executed 107 of 127[31m (1 FAILED)[39m (0 secs / 0.04 secs)
[1A[2KChrome Headless 145.0.0.0 (Windows 10): Executed 108 of 127[31m (1 FAILED)[39m (0 secs / 0.04 secs)
[1A[2KChrome Headless 145.0.0.0 (Windows 10): Executed 109 of 127[31m (1 FAILED)[39m (0 secs / 0.04 secs)
[1A[2KChrome Headless 145.0.0.0 (Windows 10): Executed 110 of 127[31m (1 FAILED)[39m (0 secs / 0.04 secs)
[1A[2KChrome Headless 145.0.0.0 (Windows 10): Executed 111 of 127[31m (1 FAILED)[39m (0 secs / 0.04 secs)
[1A[2KChrome Headless 145.0.0.0 (Windows 10): Executed 112 of 127[31m (1 FAILED)[39m (0 secs / 0.04 secs)
[1A[2KChrome Headless 145.0.0.0 (Windows 10): Executed 113 of 127[31m (1 FAILED)[39m (0 secs / 0.041 secs)
[1A[2KChrome Headless 145.0.0.0 (Windows 10): Executed 114 of 127[31m (1 FAILED)[39m (0 secs / 0.041 secs)
[1A[2KChrome Headless 145.0.0.0 (Windows 10): Executed 115 of 127[31m (1 FAILED)[39m (0 secs / 0.041 secs)
[1A[2KChrome Headless 145.0.0.0 (Windows 10): Executed 116 of 127[31m (1 FAILED)[39m (0 secs / 0.041 secs)
[1A[2KChrome Headless 145.0.0.0 (Windows 10): Executed 117 of 127[31m (1 FAILED)[39m (0 secs / 0.041 secs)
[1A[2KChrome Headless 145.0.0.0 (Windows 10): Executed 118 of 127[31m (1 FAILED)[39m (0 secs / 0.041 secs)
[1A[2KChrome Headless 145.0.0.0 (Windows 10): Executed 119 of 127[31m (1 FAILED)[39m (0 secs / 0.041 secs)
[1A[2KChrome Headless 145.0.0.0 (Windows 10): Executed 120 of 127[31m (1 FAILED)[39m (0 secs / 0.135 secs)
[1A[2K[31mChrome Headless 145.0.0.0 (Windows 10) ChessBoardComponent template drag-enter integration shows claim draw button only when draw can be claimed FAILED[39m
	Error: NG0100: ExpressionChangedAfterItHasBeenCheckedError: Expression has changed after it was checked. Previous value: 'false'. Current value: 'true'. Expression location: ChessBoardComponent component. Find more at https://v21.angular.dev/errors/NG0100
	error properties: Object({ code: -100 })
	    at throwErrorIfNoChangesMode (node_modules/@angular/core/fesm2022/_debug_node-chunk.mjs:3477:9)
	    at bindingUpdated (node_modules/@angular/core/fesm2022/_debug_node-chunk.mjs:8174:9)
	    at ╔Á╔Áproperty (node_modules/@angular/core/fesm2022/_debug_node-chunk.mjs:14052:7)
	    at templateFn (ng:///ChessBoardComponent.js:1034:9)
	    at executeTemplate (node_modules/@angular/core/fesm2022/_debug_node-chunk.mjs:5090:5)
	    at refreshView (node_modules/@angular/core/fesm2022/_debug_node-chunk.mjs:5760:7)
	    at detectChangesInView (node_modules/@angular/core/fesm2022/_debug_node-chunk.mjs:5900:5)
	    at detectChangesInViewIfAttached (node_modules/@angular/core/fesm2022/_debug_node-chunk.mjs:5883:3)
	    at detectChangesInComponent (node_modules/@angular/core/fesm2022/_debug_node-chunk.mjs:5874:5)
	    at detectChangesInChildComponents (node_modules/@angular/core/fesm2022/_debug_node-chunk.mjs:5922:5)
Chrome Headless 145.0.0.0 (Windows 10): Executed 121 of 127[31m (2 FAILED)[39m (0 secs / 0.152 secs)
Chrome Headless 145.0.0.0 (Windows 10) ChessBoardComponent template drag-enter integration shows claim draw button only when draw can be claimed FAILED
	Error: NG0100: ExpressionChangedAfterItHasBeenCheckedError: Expression has changed after it was checked. Previous value: 'false'. Current value: 'true'. Expression location: ChessBoardComponent component. Find more at https://v21.angular.dev/errors/NG0100
	error properties: Object({ code: -100 })
	    at throwErrorIfNoChangesMode (node_modules/@angular/core/fesm2022/_debug_node-chunk.mjs:3477:9)
	    at bindingUpdated (node_modules/@angular/core/fesm2022/_debug_node-chunk.mjs:8174:9)
	    at ╔Á╔Áproperty (node_modules/@angular/core/fesm2022/_debug_node-chunk.mjs:14052:7)
	    at templateFn (ng:///ChessBoardComponent.js:1034:9)
	    at executeTemplate (node_modules/@angular/core/fesm2022/_debug_node-chunk.mjs:5090:5)
	    at refreshView (node_modules/@angular/core/fesm2022/_debug_node-chunk.mjs:5760:7)
	    at detectChangesInView (node_modules/@angular/core/fesm2022/_debug_node-chunk.mjs:5900:5)
	    at detectChangesInViewIfAttached (node_modules/@angular/core/fesm2022/_debug_node-chunk.mjs:5883:3)
	    at detectChangesInComponent (node_modules/@angular/core/fesm2022/_debug_node-chunk.mjs:5874:5)
	    at detectChangesInChildComponents (node_modules/@angular/core/fesm2022/_debug_node-chunk.mjs:5922:5)
[1A[2K[31mChrome Headless 145.0.0.0 (Windows 10) ChessBoardComponent template drag-enter integration applies animated ambient class for white, black, and pending draw states FAILED[39m
	Error: NG0100: ExpressionChangedAfterItHasBeenCheckedError: Expression has changed after it was checked. Previous value: 'ambient-math--white-turn'. Current value: 'ambient-math--black-turn'. Expression location: ChessBoardComponent component. Find more at https://v21.angular.dev/errors/NG0100
	error properties: Object({ code: -100 })
	    at throwErrorIfNoChangesMode (node_modules/@angular/core/fesm2022/_debug_node-chunk.mjs:3477:9)
	    at bindingUpdated (node_modules/@angular/core/fesm2022/_debug_node-chunk.mjs:8174:9)
	    at ╔Á╔Áproperty (node_modules/@angular/core/fesm2022/_debug_node-chunk.mjs:14052:7)
	    at templateFn (ng:///ChessBoardComponent.js:986:9)
	    at executeTemplate (node_modules/@angular/core/fesm2022/_debug_node-chunk.mjs:5090:5)
	    at refreshView (node_modules/@angular/core/fesm2022/_debug_node-chunk.mjs:5760:7)
	    at detectChangesInView (node_modules/@angular/core/fesm2022/_debug_node-chunk.mjs:5900:5)
	    at detectChangesInViewIfAttached (node_modules/@angular/core/fesm2022/_debug_node-chunk.mjs:5883:3)
	    at detectChangesInComponent (node_modules/@angular/core/fesm2022/_debug_node-chunk.mjs:5874:5)
	    at detectChangesInChildComponents (node_modules/@angular/core/fesm2022/_debug_node-chunk.mjs:5922:5)
Chrome Headless 145.0.0.0 (Windows 10): Executed 122 of 127[31m (3 FAILED)[39m (0 secs / 0.165 secs)
Chrome Headless 145.0.0.0 (Windows 10) ChessBoardComponent template drag-enter integration applies animated ambient class for white, black, and pending draw states FAILED
	Error: NG0100: ExpressionChangedAfterItHasBeenCheckedError: Expression has changed after it was checked. Previous value: 'ambient-math--white-turn'. Current value: 'ambient-math--black-turn'. Expression location: ChessBoardComponent component. Find more at https://v21.angular.dev/errors/NG0100
	error properties: Object({ code: -100 })
	    at throwErrorIfNoChangesMode (node_modules/@angular/core/fesm2022/_debug_node-chunk.mjs:3477:9)
	    at bindingUpdated (node_modules/@angular/core/fesm2022/_debug_node-chunk.mjs:8174:9)
	    at ╔Á╔Áproperty (node_modules/@angular/core/fesm2022/_debug_node-chunk.mjs:14052:7)
	    at templateFn (ng:///ChessBoardComponent.js:986:9)
	    at executeTemplate (node_modules/@angular/core/fesm2022/_debug_node-chunk.mjs:5090:5)
	    at refreshView (node_modules/@angular/core/fesm2022/_debug_node-chunk.mjs:5760:7)
	    at detectChangesInView (node_modules/@angular/core/fesm2022/_debug_node-chunk.mjs:5900:5)
	    at detectChangesInViewIfAttached (node_modules/@angular/core/fesm2022/_debug_node-chunk.mjs:5883:3)
	    at detectChangesInComponent (node_modules/@angular/core/fesm2022/_debug_node-chunk.mjs:5874:5)
	    at detectChangesInChildComponents (node_modules/@angular/core/fesm2022/_debug_node-chunk.mjs:5922:5)
[1A[2K[31mChrome Headless 145.0.0.0 (Windows 10) ChessBoardComponent template drag-enter integration buttons receive time-btn--selected class based on activeTool and flip state (integration) FAILED[39m
	Error: NG0100: ExpressionChangedAfterItHasBeenCheckedError: Expression has changed after it was checked. Previous value: 'false'. Current value: 'true'. Expression location: ChessBoardComponent component. Find more at https://v21.angular.dev/errors/NG0100
	error properties: Object({ code: -100 })
	    at throwErrorIfNoChangesMode (node_modules/@angular/core/fesm2022/_debug_node-chunk.mjs:3477:9)
	    at bindingUpdated (node_modules/@angular/core/fesm2022/_debug_node-chunk.mjs:8174:9)
	    at checkStylingProperty (node_modules/@angular/core/fesm2022/_debug_node-chunk.mjs:15873:30)
	    at ╔Á╔ÁclassProp (node_modules/@angular/core/fesm2022/_debug_node-chunk.mjs:15847:3)
	    at templateFn (ng:///ChessBoardComponent.js:1042:9)
	    at executeTemplate (node_modules/@angular/core/fesm2022/_debug_node-chunk.mjs:5090:5)
	    at refreshView (node_modules/@angular/core/fesm2022/_debug_node-chunk.mjs:5760:7)
	    at detectChangesInView (node_modules/@angular/core/fesm2022/_debug_node-chunk.mjs:5900:5)
	    at detectChangesInViewIfAttached (node_modules/@angular/core/fesm2022/_debug_node-chunk.mjs:5883:3)
	    at detectChangesInComponent (node_modules/@angular/core/fesm2022/_debug_node-chunk.mjs:5874:5)
Chrome Headless 145.0.0.0 (Windows 10): Executed 123 of 127[31m (4 FAILED)[39m (0 secs / 0.176 secs)
Chrome Headless 145.0.0.0 (Windows 10) ChessBoardComponent template drag-enter integration buttons receive time-btn--selected class based on activeTool and flip state (integration) FAILED
	Error: NG0100: ExpressionChangedAfterItHasBeenCheckedError: Expression has changed after it was checked. Previous value: 'false'. Current value: 'true'. Expression location: ChessBoardComponent component. Find more at https://v21.angular.dev/errors/NG0100
	error properties: Object({ code: -100 })
	    at throwErrorIfNoChangesMode (node_modules/@angular/core/fesm2022/_debug_node-chunk.mjs:3477:9)
	    at bindingUpdated (node_modules/@angular/core/fesm2022/_debug_node-chunk.mjs:8174:9)
	    at checkStylingProperty (node_modules/@angular/core/fesm2022/_debug_node-chunk.mjs:15873:30)
	    at ╔Á╔ÁclassProp (node_modules/@angular/core/fesm2022/_debug_node-chunk.mjs:15847:3)
	    at templateFn (ng:///ChessBoardComponent.js:1042:9)
	    at executeTemplate (node_modules/@angular/core/fesm2022/_debug_node-chunk.mjs:5090:5)
	    at refreshView (node_modules/@angular/core/fesm2022/_debug_node-chunk.mjs:5760:7)
	    at detectChangesInView (node_modules/@angular/core/fesm2022/_debug_node-chunk.mjs:5900:5)
	    at detectChangesInViewIfAttached (node_modules/@angular/core/fesm2022/_debug_node-chunk.mjs:5883:3)
	    at detectChangesInComponent (node_modules/@angular/core/fesm2022/_debug_node-chunk.mjs:5874:5)
[1A[2KChrome Headless 145.0.0.0 (Windows 10): Executed 124 of 127[31m (4 FAILED)[39m (0 secs / 0.187 secs)
[1A[2KChrome Headless 145.0.0.0 (Windows 10): Executed 125 of 127[31m (4 FAILED)[39m (0 secs / 0.202 secs)
[1A[2KChrome Headless 145.0.0.0 (Windows 10): Executed 126 of 127[31m (4 FAILED)[39m (0 secs / 0.202 secs)
[1A[2KChrome Headless 145.0.0.0 (Windows 10): Executed 127 of 127[31m (4 FAILED)[39m (0 secs / 0.202 secs)
[1A[2KChrome Headless 145.0.0.0 (Windows 10): Executed 127 of 127[31m (4 FAILED)[39m (0.217 secs / 0.202 secs)
[31mTOTAL: 4 FAILED, 123 SUCCESS[39m
TOTAL: 4 FAILED, 123 SUCCESS
[32mÔťö[39m Browser application bundle generation complete.
